[2026/09/08 11:29:12:5742] N: ttyd 1.7.7-40e79c7 (libwebsockets 4.3.3-unknown)
[2026/09/08 11:29:12:5742] N: tty configuration:
[2026/09/08 11:29:12:5742] N:   credential: cHJveHlpZTpjb21DYXN0aWM3NiFA
[2026/09/08 11:29:12:5742] N:   start command: /home/proxyie/.local/bin/tmux new-session -A -s phone -t main
[2026/09/08 11:29:12:5742] N:   close signal: SIGHUP (1)
[2026/09/08 11:29:12:5742] N:   terminal type: xterm-256color
[2026/09/08 11:29:12:5742] N: The --writable option is not set, will start in readonly mode
[2026/09/08 11:29:12:5742] N: lws_create_context: LWS: 4.3.3-unknown, MbedTLS-2.28.5 NET SRV H1 H2 WS ConMon IPV6-off
[2026/09/08 11:29:12:5796] N: elops_init_pt_uv:  Using foreign event loop...
[2026/09/08 11:29:12:5796] N: __lws_lc_tag:  ++ [wsi|0|pipe] (1)
[2026/09/08 11:29:12:5797] N: __lws_lc_tag:  ++ [vh|0|netlink] (1)
[2026/09/08 11:29:12:5801] N: __lws_lc_tag:  ++ [vh|1|default||7681] (2)
[2026/09/08 11:29:12:5910] N: [vh|1|default||7681]: lws_socket_bind: source ads 0.0.0.0
[2026/09/08 11:29:12:5911] N: __lws_lc_tag:  ++ [wsi|1|listen|default||7681] (2)
[2026/09/08 11:29:12:5911] N:  Listening on port: 7681
[2026/09/08 11:29:12:5912] W: _lws_smd_msg_send: rejecting message on queue depth 40
[2026/09/08 11:29:12:5912] W: _lws_smd_msg_send: rejecting message on queue depth 40
[2026/09/08 11:29:12:5912] W: _lws_smd_msg_send: rejecting message on queue depth 40
[2026/09/08 11:29:12:5912] W: _lws_smd_msg_send: rejecting message on queue depth 40
[2026/09/08 11:29:12:5912] W: _lws_smd_msg_send: rejecting message on queue depth 40
[2026/09/08 11:29:12:5912] W: _lws_smd_msg_send: rejecting message on queue depth 40
[2026/09/08 11:29:12:5912] W: _lws_smd_msg_send: rejecting message on queue depth 40
[2026/09/08 11:29:12:5912] W: _lws_smd_msg_send: rejecting message on queue depth 40
[2026/09/08 11:29:12:5912] W: _lws_smd_msg_send: rejecting message on queue depth 40
[2026/09/08 11:29:12:5912] W: _lws_smd_msg_send: rejecting message on queue depth 40
[2026/09/08 11:29:13:5757] N: __lws_lc_tag:  ++ [wsisrv|0|adopted] (1)
[2026/09/08 11:29:13:5757] N: HTTP / - 127.0.0.1
[2026/09/08 11:29:13:5757] N: __lws_lc_untag:  -- [wsisrv|0|adopted] (0) 80μs
[2026/09/08 11:29:13:5800] N: __lws_lc_tag:  ++ [wsisrv|1|adopted] (1)
[2026/09/08 11:29:13:5801] N: HTTP / - 127.0.0.1
[2026/09/08 11:29:13:5835] N: __lws_lc_untag:  -- [wsisrv|1|adopted] (0) 3.469ms
[2026/09/08 11:39:31:7682] N: __lws_lc_tag:  ++ [wsisrv|2|adopted] (1)
[2026/09/08 11:39:31:7683] N: HTTP / - 127.0.0.1
[2026/09/08 11:39:31:7683] N: __lws_lc_untag:  -- [wsisrv|2|adopted] (0) 177μs
[2026/09/08 11:39:32:1237] N: __lws_lc_tag:  ++ [wsisrv|3|adopted] (1)
[2026/09/08 11:39:32:1238] N: HTTP / - 127.0.0.1
[2026/09/08 11:39:37:1293] N: __lws_lc_untag:  -- [wsisrv|3|adopted] (0) 5.005s
[2026/09/08 12:25:44:0301] N: __lws_lc_tag:  ++ [wsisrv|4|adopted] (1)
[2026/09/08 12:25:44:0302] N: HTTP / - 127.0.0.1
[2026/09/08 12:25:44:0302] N: __lws_lc_untag:  -- [wsisrv|4|adopted] (0) 131μs
[2026/09/08 12:25:44:3921] N: __lws_lc_tag:  ++ [wsisrv|5|adopted] (1)
[2026/09/08 12:25:44:3923] N: HTTP / - 127.0.0.1
[2026/09/08 12:25:44:3924] N: __lws_lc_untag:  -- [wsisrv|5|adopted] (0) 313μs
[2026/09/08 12:42:24:7877] N: __lws_lc_tag:  ++ [wsisrv|6|adopted] (1)
[2026/09/08 12:42:24:7878] N: HTTP / - 127.0.0.1
[2026/09/08 12:42:24:7878] N: __lws_lc_untag:  -- [wsisrv|6|adopted] (0) 120μs
[2026/09/08 12:42:25:4193] N: __lws_lc_tag:  ++ [wsisrv|7|adopted] (1)
[2026/09/08 12:42:25:4195] N: HTTP / - 127.0.0.1
[2026/09/08 12:42:25:4195] N: __lws_lc_untag:  -- [wsisrv|7|adopted] (0) 178μs
[2026/09/08 12:51:55:2391] N: received signal: SIGTERM (15), exiting...
[2026/09/08 12:51:55:2391] N: send ^C to force exit.
[2026/09/08 12:52:55:7650] N: ttyd 1.7.7-40e79c7 (libwebsockets 4.3.3-unknown)
[2026/09/08 12:52:55:7650] N: tty configuration:
[2026/09/08 12:52:55:7650] N:   credential: cHJveHlpZTpjb21DYXN0aWM3NiFA
[2026/09/08 12:52:55:7650] N:   start command: tmux new-session -A -s phone -t main
[2026/09/08 12:52:55:7650] N:   close signal: SIGHUP (1)
[2026/09/08 12:52:55:7650] N:   terminal type: xterm-256color
[2026/09/08 12:52:55:7650] N: The --writable option is not set, will start in readonly mode
[2026/09/08 12:52:55:7650] N: lws_create_context: LWS: 4.3.3-unknown, MbedTLS-2.28.5 NET SRV H1 H2 WS ConMon IPV6-off
[2026/09/08 12:52:55:7707] N: elops_init_pt_uv:  Using foreign event loop...
[2026/09/08 12:52:55:7707] N: __lws_lc_tag:  ++ [wsi|0|pipe] (1)
[2026/09/08 12:52:55:7707] N: __lws_lc_tag:  ++ [vh|0|netlink] (1)
[2026/09/08 12:52:55:7712] N: __lws_lc_tag:  ++ [vh|1|default||7681] (2)
[2026/09/08 12:52:55:7820] N: [vh|1|default||7681]: lws_socket_bind: source ads 0.0.0.0
[2026/09/08 12:52:55:7820] N: __lws_lc_tag:  ++ [wsi|1|listen|default||7681] (2)
[2026/09/08 12:52:55:7820] N:  Listening on port: 7681
[2026/09/08 12:52:55:7821] W: _lws_smd_msg_send: rejecting message on queue depth 40
[2026/09/08 12:52:55:7822] W: _lws_smd_msg_send: rejecting message on queue depth 40
[2026/09/08 12:52:55:7822] W: _lws_smd_msg_send: rejecting message on queue depth 40
[2026/09/08 12:52:55:7822] W: _lws_smd_msg_send: rejecting message on queue depth 40
[2026/09/08 12:52:55:7822] W: _lws_smd_msg_send: rejecting message on queue depth 40
[2026/09/08 12:52:55:7822] W: _lws_smd_msg_send: rejecting message on queue depth 40
[2026/09/08 12:52:55:7822] W: _lws_smd_msg_send: rejecting message on queue depth 40
[2026/09/08 12:52:55:7822] W: _lws_smd_msg_send: rejecting message on queue depth 40
[2026/09/08 12:52:55:7822] W: _lws_smd_msg_send: rejecting message on queue depth 40
[2026/09/08 12:52:55:7822] W: _lws_smd_msg_send: rejecting message on queue depth 40
[2026/09/08 12:52:57:7739] N: __lws_lc_tag:  ++ [wsisrv|0|adopted] (1)
[2026/09/08 12:52:57:7739] N: HTTP / - 127.0.0.1
[2026/09/08 12:52:57:7740] N: __lws_lc_untag:  -- [wsisrv|0|adopted] (0) 75μs
[2026/09/08 13:31:05:2024] N: received signal: SIGTERM (15), exiting...
[2026/09/08 13:31:05:2024] N: send ^C to force exit.
[2026/09/08 13:59:32:0598] N: ttyd 1.7.7-40e79c7 (libwebsockets 4.3.3-unknown)
[2026/09/08 13:59:32:0605] N: tty configuration:
[2026/09/08 13:59:32:0605] N:   credential: cHJveHlpZTpjb21DYXN0aWM3NiFA
[2026/09/08 13:59:32:0605] N:   start command: tmux new-session -A -s phone -t main
[2026/09/08 13:59:32:0605] N:   close signal: SIGHUP (1)
[2026/09/08 13:59:32:0605] N:   terminal type: xterm-256color
[2026/09/08 13:59:32:0605] N: The --writable option is not set, will start in readonly mode
[2026/09/08 13:59:32:0605] N: lws_create_context: LWS: 4.3.3-unknown, MbedTLS-2.28.5 NET SRV H1 H2 WS ConMon IPV6-off
[2026/09/08 13:59:32:0606] N: elops_init_pt_uv:  Using foreign event loop...
[2026/09/08 13:59:32:0606] N: __lws_lc_tag:  ++ [wsi|0|pipe] (1)
[2026/09/08 13:59:32:0606] N: __lws_lc_tag:  ++ [vh|0|netlink] (1)
[2026/09/08 13:59:32:0633] N: __lws_lc_tag:  ++ [vh|1|default||7681] (2)
[2026/09/08 13:59:32:0745] N: [vh|1|default||7681]: lws_socket_bind: source ads 0.0.0.0
[2026/09/08 13:59:32:0745] N: __lws_lc_tag:  ++ [wsi|1|listen|default||7681] (2)
[2026/09/08 13:59:32:0745] N:  Listening on port: 7681
[2026/09/08 13:59:32:0746] W: _lws_smd_msg_send: rejecting message on queue depth 40
[2026/09/08 13:59:32:0746] W: _lws_smd_msg_send: rejecting message on queue depth 40
[2026/09/08 13:59:32:0746] W: _lws_smd_msg_send: rejecting message on queue depth 40
[2026/09/08 13:59:32:0746] W: _lws_smd_msg_send: rejecting message on queue depth 40
[2026/09/08 13:59:32:0746] W: _lws_smd_msg_send: rejecting message on queue depth 40
[2026/09/08 13:59:32:0746] W: _lws_smd_msg_send: rejecting message on queue depth 40
[2026/09/08 13:59:32:0747] W: _lws_smd_msg_send: rejecting message on queue depth 40
[2026/09/08 13:59:32:0747] W: _lws_smd_msg_send: rejecting message on queue depth 40
[2026/09/08 13:59:32:0747] W: _lws_smd_msg_send: rejecting message on queue depth 40
[2026/09/08 13:59:32:0747] W: _lws_smd_msg_send: rejecting message on queue depth 40
[2026/09/08 15:00:23:4057] N: received signal: SIGTERM (15), exiting...
[2026/09/08 15:00:23:4059] N: send ^C to force exit.
[2026/09/08 15:18:16:5505] N: ttyd 1.7.7-40e79c7 (libwebsockets 4.3.3-unknown)
[2026/09/08 15:18:16:5508] N: tty configuration:
[2026/09/08 15:18:16:5508] N:   credential: cHJveHlpZTpjb21DYXN0aWM3NiFA
[2026/09/08 15:18:16:5508] N:   start command: tmux new-session -A -s phone -t main
[2026/09/08 15:18:16:5508] N:   close signal: SIGHUP (1)
[2026/09/08 15:18:16:5508] N:   terminal type: xterm-256color
[2026/09/08 15:18:16:5508] N: The --writable option is not set, will start in readonly mode
[2026/09/08 15:18:16:5508] N: lws_create_context: LWS: 4.3.3-unknown, MbedTLS-2.28.5 NET SRV H1 H2 WS ConMon IPV6-off
[2026/09/08 15:18:16:5509] N: elops_init_pt_uv:  Using foreign event loop...
[2026/09/08 15:18:16:5509] N: __lws_lc_tag:  ++ [wsi|0|pipe] (1)
[2026/09/08 15:18:16:5509] N: __lws_lc_tag:  ++ [vh|0|netlink] (1)
[2026/09/08 15:18:16:5527] N: __lws_lc_tag:  ++ [vh|1|default||7681] (2)
[2026/09/08 15:18:16:5542] N: [vh|1|default||7681]: lws_socket_bind: source ads 0.0.0.0
[2026/09/08 15:18:16:5543] N: __lws_lc_tag:  ++ [wsi|1|listen|default||7681] (2)
[2026/09/08 15:18:16:5543] N:  Listening on port: 7681
[2026/09/08 15:18:16:5544] W: _lws_smd_msg_send: rejecting message on queue depth 40
[2026/09/08 15:18:16:5544] W: _lws_smd_msg_send: rejecting message on queue depth 40
[2026/09/08 15:18:16:5544] W: _lws_smd_msg_send: rejecting message on queue depth 40
[2026/09/08 15:18:16:5544] W: _lws_smd_msg_send: rejecting message on queue depth 40
[2026/09/08 15:18:16:5544] W: _lws_smd_msg_send: rejecting message on queue depth 40
[2026/09/08 15:18:16:5544] W: _lws_smd_msg_send: rejecting message on queue depth 40
[2026/09/08 15:18:16:5544] W: _lws_smd_msg_send: rejecting message on queue depth 40
[2026/09/08 15:18:16:5544] W: _lws_smd_msg_send: rejecting message on queue depth 40
[2026/09/08 15:18:16:5544] W: _lws_smd_msg_send: rejecting message on queue depth 40
[2026/09/08 15:18:16:5544] W: _lws_smd_msg_send: rejecting message on queue depth 40
[2026/09/08 15:19:44:9261] N: ttyd 1.7.7-40e79c7 (libwebsockets 4.3.3-unknown)
[2026/09/08 15:19:44:9263] N: tty configuration:
[2026/09/08 15:19:44:9263] N:   credential: cHJveHlpZTpjb21DYXN0aWM3NiFA
[2026/09/08 15:19:44:9263] N:   start command: tmux new-session -A -s phone -t main
[2026/09/08 15:19:44:9263] N:   close signal: SIGHUP (1)
[2026/09/08 15:19:44:9263] N:   terminal type: xterm-256color
[2026/09/08 15:19:44:9263] N: The --writable option is not set, will start in readonly mode
[2026/09/08 15:19:44:9263] N: lws_create_context: LWS: 4.3.3-unknown, MbedTLS-2.28.5 NET SRV H1 H2 WS ConMon IPV6-off
[2026/09/08 15:19:44:9264] N: elops_init_pt_uv:  Using foreign event loop...
[2026/09/08 15:19:44:9264] N: __lws_lc_tag:  ++ [wsi|0|pipe] (1)
[2026/09/08 15:19:44:9264] N: __lws_lc_tag:  ++ [vh|0|netlink] (1)
[2026/09/08 15:19:44:9272] N: __lws_lc_tag:  ++ [vh|1|default||7681] (2)
[2026/09/08 15:19:44:9381] N: [vh|1|default||7681]: lws_socket_bind: source ads 0.0.0.0
[2026/09/08 15:19:44:9381] N: __lws_lc_tag:  ++ [wsi|1|listen|default||7681] (2)
[2026/09/08 15:19:44:9381] N:  Listening on port: 7681
[2026/09/08 15:19:44:9382] W: _lws_smd_msg_send: rejecting message on queue depth 40
[2026/09/08 15:19:44:9382] W: _lws_smd_msg_send: rejecting message on queue depth 40
[2026/09/08 15:19:44:9382] W: _lws_smd_msg_send: rejecting message on queue depth 40
[2026/09/08 15:19:44:9382] W: _lws_smd_msg_send: rejecting message on queue depth 40
[2026/09/08 15:19:44:9382] W: _lws_smd_msg_send: rejecting message on queue depth 40
[2026/09/08 15:19:44:9382] W: _lws_smd_msg_send: rejecting message on queue depth 40
[2026/09/08 15:19:44:9382] W: _lws_smd_msg_send: rejecting message on queue depth 40
[2026/09/08 15:19:44:9382] W: _lws_smd_msg_send: rejecting message on queue depth 40
[2026/09/08 15:19:44:9382] W: _lws_smd_msg_send: rejecting message on queue depth 40
[2026/09/08 15:19:44:9382] W: _lws_smd_msg_send: rejecting message on queue depth 40
[2026/09/08 15:52:35:9488] N: __lws_lc_tag:  ++ [wsisrv|0|adopted] (1)
[2026/09/08 15:52:35:9497] N: HTTP / - 127.0.0.1
[2026/09/08 15:52:35:9498] N: __lws_lc_untag:  -- [wsisrv|0|adopted] (0) 984μs
